// Jest Snapshot v1, https://goo.gl/fbAQLP

exports[`renders correctly 1`] = `
<View
  style={
    Object {
      "alignItems": "center",
      "backgroundColor": "#f5fcff",
      "flex": 1,
      "justifyContent": "flex-start",
    }
  }
>
  <Image
    source={
      Object {
        "testUri": "../../../src/components/Login/img/tardis.png",
      }
    }
    style={
      Object {
        "height": 240,
        "marginBottom": 44,
        "marginTop": 60,
        "resizeMode": "contain",
        "width": 240,
      }
    }
  />
  <View
    style={
      Object {
        "flexDirection": "row",
      }
    }
  >
    <TextInput
      allowFontScaling={true}
      autoCapitalize="none"
      onChangeText={[Function]}
      placeholder="username"
      style={
        Object {
          "borderColor": "#000",
          "borderWidth": 0.5,
          "flex": 1,
          "marginLeft": 44,
          "marginRight": 44,
          "marginTop": 12,
          "padding": 10,
        }
      }
      value=""
    />
  </View>
  <View
    style={
      Object {
        "flexDirection": "row",
      }
    }
  >
    <TextInput
      allowFontScaling={true}
      autoCapitalize="none"
      onChangeText={[Function]}
      placeholder="password"
      secureTextEntry={true}
      style={
        Object {
          "borderColor": "#000",
          "borderWidth": 0.5,
          "flex": 1,
          "marginLeft": 44,
          "marginRight": 44,
          "marginTop": 12,
          "padding": 10,
        }
      }
      value=""
    />
  </View>
  <View
    style={
      Object {
        "flexDirection": "row",
      }
    }
  >
    <View
      accessibilityComponentType={undefined}
      accessibilityLabel={undefined}
      accessibilityTraits={undefined}
      accessible={true}
      collapsable={undefined}
      hasTVPreferredFocus={undefined}
      hitSlop={undefined}
      isTVSelectable={true}
      nativeID={undefined}
      onLayout={undefined}
      onResponderGrant={[Function]}
      onResponderMove={[Function]}
      onResponderRelease={[Function]}
      onResponderTerminate={[Function]}
      onResponderTerminationRequest={[Function]}
      onStartShouldSetResponder={[Function]}
      style={
        Object {
          "alignItems": "center",
          "backgroundColor": "#5e81bc",
          "borderRadius": 4,
          "flex": 1,
          "flexDirection": "row",
          "height": 44,
          "justifyContent": "center",
          "marginLeft": 44,
          "marginRight": 44,
          "marginTop": 12,
          "opacity": 1,
        }
      }
      testID={undefined}
      tvParallaxProperties={undefined}
    >
      <Text
        accessible={true}
        allowFontScaling={true}
        ellipsizeMode="tail"
        style={
          Object {
            "color": "#fff",
          }
        }
      >
        Submit
      </Text>
    </View>
  </View>
</View>
`;
